error satu
error dua 
error tiga
akses satu
akses dua
akses tiga